// Jest Snapshot v1, https://goo.gl/fbAQLP

exports[`Loader Defaults 1`] = `
"var ua;

ua = navigator.userAgent;

ua = ua.toLowerCase();

module.exports = ua;

"
`;
